C:\Users\rtrru\Documents\MCUXpressoIDE_11.4.1_6260\workspace\Course_Project\CMSIS/core_cm0plus.h:745:22:NVIC_EnableIRQ	16	static
C:\Users\rtrru\Documents\MCUXpressoIDE_11.4.1_6260\workspace\Course_Project\CMSIS/core_cm0plus.h:804:22:NVIC_SetPriority	24	static
../source/timer.c:20:6:init_systick	8	static
../source/timer.c:35:12:now	8	static
../source/timer.c:45:6:reset_timer	8	static
../source/timer.c:56:12:get_timer	8	static
../source/timer.c:66:6:SysTick_Handler	8	static
../source/timer.c:76:12:getTicks	8	static
../source/timer.c:86:6:delay	24	static
